// Jest Snapshot v1, https://goo.gl/fbAQLP

exports[`Should render EditBugPage 1`] = `
<div>
  <h2>
    Ticket number: 
    1
  </h2>
  <BugForm
    bug={
      Object {
        "completed": true,
        "createdAt": 0,
        "description": "Error in X",
        "id": "1",
        "name": "Lebron",
        "notes": "notes 1",
        "priority": "Med",
      }
    }
    onSubmit={[Function]}
  />
  <button
    onClick={[Function]}
  >
    Remove
  </button>
  <ContributionsForm
    bug={
      Object {
        "completed": true,
        "createdAt": 0,
        "description": "Error in X",
        "id": "1",
        "name": "Lebron",
        "notes": "notes 1",
        "priority": "Med",
      }
    }
    onSubmitContribution={[Function]}
  />
  <ContributionsList
    bug={
      Object {
        "completed": true,
        "createdAt": 0,
        "description": "Error in X",
        "id": "1",
        "name": "Lebron",
        "notes": "notes 1",
        "priority": "Med",
      }
    }
  />
</div>
`;
